// Jest Snapshot v1, https://goo.gl/fbAQLP

exports[`should dispatch action to update user 1`] = `
Array [
  Object {
    "payload": Object {
      "newAvatar": "image.jpg",
      "newBio": "hi!",
      "newCompany": "company",
      "newLocation": "London, Spain",
      "newMail": "gmail@jhondoe.com",
      "newName": "Jhon Doe",
      "newUser": "JDoe",
      "newWebsite": "com.ar.jhon",
    },
    "type": "UPDATE_USER",
  },
]
`;
